python : Creating 
test database for 
alias 'default'...
At line:1 char:1
+ python manage.py 
test portal > 
test_output.txt 2>&1
+ ~~~~~~~~~~~~~~~~~~~
~~~~~~~~~~~~~~~~~~~~~
~~~~~~~~~~~
    + CategoryInfo   
           : NotSpe  
  cified: (Creatin   
 g test d...as 'd    
efault'...:Strin    
g) [], RemoteExc    
eption
    + FullyQualified 
   ErrorId : Native  
  CommandError
 

C:\Users\yoda2\AppDat
a\Local\Programs\Pyth
on\Python312\Lib\site
-packages\django\core
\handlers\base.py:62:
 UserWarning: No 
directory at: C:\webd
ev\project\staticfile
s\
  mw_instance = middl
eware(adapted_handler
)
...F...F
=====================
=====================
=====================
=======
FAIL: test_homepage (
portal.tests.PortalTe
sts.test_homepage)
---------------------
---------------------
---------------------
-------
Traceback (most 
recent call last):
  File "C:\webdev\pro
ject\portal\tests.py"
, line 113, in 
test_homepage
    self.assertContai
ns(response, 
'Welcome to Student 
Services')
AssertionError: 
False is not true : 
Couldn't find 
'Welcome to Student 
Services' in the 
following response
b'<!DOCTYPE 
html>\n<html lang="en
">\n\n<head>\n    
<meta 
charset="UTF-8">\n   
 <meta 
name="viewport" conte
nt="width=device-widt
h, initial-scale=1.0"
>\n    
<title>Student 
Services 
Portal</title>\n    
<!-- Bootstrap CSS 
-->\n    <link href="
https://cdn.jsdelivr.
net/npm/bootstrap@5.3
.0/dist/css/bootstrap
.min.css" 
rel="stylesheet">\n  
  <!-- Google Fonts: 
Inter -->\n    <link 
href="https://fonts.g
oogleapis.com/css2?fa
mily=Inter:wght@300;4
00;500;600;700&displa
y=swap" 
rel="stylesheet">\n  
  <style>\n        
:root {\n            
/* Black & Blue 
Theme Variables */\n 
           
--bg-body: 
#121212;\n           
 --bg-card: 
#1f1f1f;\n           
 --bg-card-hover: 
#2a2a2a;\n           
 --primary-blue: 
#007bff;\n           
 /* Electric Blue 
*/\n            
--primary-hover: 
#0056b3;\n           
 --accent-cyan: 
#00e5ff;\n           
 --text-main: 
#ffffff;\n           
 --text-muted: 
#ffffff;\n           
 --border-color: 
#2a2a2a;\n           
 --border-glow: 
rgba(0, 123, 255, 
0.3);\n\n            
--glass-bg: rgba(18, 
18, 18, 0.8);\n      
      
--glass-border: 
rgba(255, 255, 255, 
0.08);\n        
}\n\n        body 
{\n            
background-color: 
var(--bg-body);\n    
        color: 
var(--text-main);\n  
          
font-family: 
\'Inter\', 
sans-serif;\n        
    min-height: 
100vh;\n            
display: flex;\n     
       
flex-direction: 
column;\n        
}\n\n        /* 
Typography */\n      
  .text-muted {\n    
        color: 
var(--text-muted) 
!important;\n        
}\n\n        h1,\n   
     h2,\n        
h3,\n        h4,\n   
     h5,\n        h6 
{\n            
color: 
var(--text-main);\n  
          
font-weight: 700;\n  
          
letter-spacing: 
-0.5px;\n        
}\n\n        /* 
Navbar */\n        
.navbar {\n          
  background-color: 
rgba(10, 25, 47, 
0.95) !important;\n  
          
backdrop-filter: 
blur(10px);\n        
    border-bottom: 
1px solid var(--borde
r-color);\n          
  padding: 1rem 0;\n 
       }\n\n        
.navbar-brand {\n    
        font-weight: 
700;\n            
color: 
var(--text-main) 
!important;\n        
    font-size: 
1.5rem;\n            
letter-spacing: 
-0.5px;\n        
}\n\n        
.nav-link {\n        
    color: 
var(--text-muted) 
!important;\n        
    font-weight: 
500;\n            
transition: all 0.2s 
ease;\n        }\n\n 
       
.nav-link:hover,\n   
     
.nav-link.active {\n 
           color: 
var(--primary-blue) 
!important;\n        
    text-shadow: 0 0 
10px var(--border-glo
w);\n        }\n\n   
     /* Cards */\n   
     .card {\n       
     
background-color: 
var(--bg-card);\n    
        border: 1px 
solid var(--border-co
lor);\n            
border-radius: 
12px;\n            
box-shadow: 0 4px 
6px rgba(0, 0, 0, 
0.2);\n            
transition: 
transform 0.2s ease, 
box-shadow 0.2s 
ease;\n        }\n\n 
       .card:hover 
{\n            
transform: 
translateY(-2px);\n  
          
box-shadow: 0 8px 
12px rgba(0, 0, 0, 
0.4), 0 0 10px var(--
border-glow);\n      
      border-color: v
ar(--primary-blue);\n
        }\n\n        
.card-gradient {\n   
         background: 
linear-gradient(180de
g, rgba(0, 123, 255, 
0.1) 0%, rgba(18, 
18, 18, 0) 100%);\n  
      }\n\n        
.card-header {\n     
       
background-color: 
transparent;\n       
     border-bottom: 
1px solid var(--borde
r-color);\n          
  padding: 1rem 
1.5rem;\n            
font-weight: 600;\n  
      }\n\n        
.card-body {\n       
     padding: 
1.5rem;\n        
}\n\n        /* 
Buttons */\n        
.btn-primary {\n     
       background: li
near-gradient(135deg,
 
var(--primary-blue), 
#0056b3);\n          
  border: none;\n    
        
border-radius: 
8px;\n            
padding: 0.5rem 
1.5rem;\n            
font-weight: 500;\n  
          
box-shadow: 0 4px 
15px rgba(0, 123, 
255, 0.3);\n         
   transition: all 
0.3s ease;\n        
}\n\n        
.btn-primary:hover 
{\n            
transform: 
translateY(-1px);\n  
          
box-shadow: 0 6px 
20px rgba(0, 123, 
255, 0.4);\n         
   filter: 
brightness(1.1);\n   
     }\n\n        .bt
n-outline-secondary 
{\n            
border-color: var(--b
order-color);\n      
      color: 
var(--text-muted);\n 
       }\n\n        .
btn-outline-secondary
:hover {\n           
 background-color: va
r(--border-color);\n 
           color: 
var(--text-main);\n  
      }\n\n        
/* Forms */\n        
.form-control,\n     
   .form-select {\n  
          
background-color: 
#1a1a1a;\n           
 border: 1px solid va
r(--border-color);\n 
           color: 
var(--text-main);\n  
          
border-radius: 
8px;\n            
padding: 0.75rem 
1rem;\n        }\n\n 
       .form-control:
focus,\n        
.form-select:focus 
{\n            
background-color: 
#1a1a1a;\n           
 border-color: var(--
primary-blue);\n     
       color: 
var(--text-main);\n  
          
box-shadow: 0 0 0 
2px var(--border-glow
);\n        }\n\n    
    /* Tables */\n   
     .table {\n      
      color: 
var(--text-muted);\n 
           
border-color: var(--b
order-color);\n      
      --bs-table-bg: 
transparent;\n       
     
--bs-table-hover-bg: 
rgba(0, 123, 255, 
0.1);\n            --
bs-table-striped-bg: 
rgba(0, 123, 255, 
0.05);\n            
background: linear-gr
adient(180deg, 
rgba(0, 123, 255, 
0.1) 0%, rgba(18, 
18, 18, 0) 100%);\n  
      }\n\n        
.table th {\n        
    color: 
var(--text-main);\n  
          
font-weight: 600;\n  
          
border-bottom-width: 
1px;\n        }\n\n  
      .table img {\n 
           
border-radius: 
8px;\n        }\n\n  
      /* Alerts */\n 
       .alert {\n    
        border: 
none;\n            
border-radius: 
8px;\n            
background-color: 
var(--bg-card);\n    
        border-left: 
4px solid;\n        
}\n\n        
.alert-success {\n   
         
border-color: 
#198754;\n           
 color: #75b798;\n   
     }\n\n        
.alert-info {\n      
      border-color: 
#0dcaf0;\n           
 color: #6edff6;\n   
     }\n\n        
.alert-warning {\n   
         
border-color: 
#ffc107;\n           
 color: #ffda6a;\n   
     }\n\n        
.alert-danger {\n    
        
border-color: 
#dc3545;\n           
 color: #ea868f;\n   
     }\n\n        /* 
Badges */\n        
.badge {\n           
 font-weight: 500;\n 
           padding: 
0.5em 0.8em;\n       
     border-radius: 
6px;\n        }\n\n  
      /* Links */\n  
      a {\n          
  color: var(--primar
y-blue);\n           
 text-decoration: 
none;\n            
transition: color 
0.2s;\n        }\n\n 
       a:hover {\n   
         color: var(-
-accent-cyan);\n     
       
text-decoration: 
none;\n        }\n\n 
       /* Layout 
Utils */\n        
.container {\n       
     max-width: 
1140px;\n        }\n 
   </style>\n</head>\
n\n<body>\n    <nav 
class="navbar 
navbar-expand-lg 
navbar-dark 
sticky-top">\n       
 <div 
class="container">\n 
           <a 
class="navbar-brand" 
href="/">\n          
      <span>Student</
span>Portal\n        
    </a>\n           
 <button class="navba
r-toggler" 
type="button" data-bs
-toggle="collapse" da
ta-bs-target="#navbar
Nav">\n              
  <span class="navbar
-toggler-icon"></span
>\n            
</button>\n          
  <div 
class="collapse 
navbar-collapse" 
id="navbarNav">\n    
            <div 
class="navbar-nav 
ms-auto gap-3">\n    
                \n   
                 <a 
class="nav-link" href
="/register/">Registe
r</a>\n              
      <a class="btn 
btn-primary btn-sm 
px-4" href="/login/">
Login</a>\n          
          \n         
       </div>\n      
      </div>\n       
 </div>\n    
</nav>\n\n    <div 
class="container 
mt-5 mb-5 
flex-grow-1">\n      
  \n<div class="row j
ustify-content-center
 align-items-center" 
style="min-height: 
80vh;">\n    <div 
class="col-md-5 
col-lg-4">\n        
<div class="card 
shadow-lg border-0 
bg-card">\n          
  <div 
class="card-body 
p-5">\n              
  <div 
class="text-center 
mb-4">\n             
       <h2 
class="fw-bold 
mb-1">Welcome 
Back</h2>\n          
          <p 
class="text-muted 
small">Sign in to 
continue to your 
dashboard</p>\n      
          </div>\n\n 
               <form 
method="post">\n     
               
<input type="hidden" 
name="csrfmiddlewaret
oken" value="Nzx3KhmJ
RmsMePbzKj2kPF3z7YDSf
ikUkw9WPqqdRXMuZ89gpT
sDDfIPqxoGmKnr">\n   
                 
<div class="mb-3">\n 
                     
  <label 
for="id_username"\n  
                     
     
class="form-label 
text-muted small 
text-uppercase fw-bol
d">Username</label>\n
                     
   <input 
type="text" 
name="username"\n    
                     
   
class="form-control 
form-control-lg 
bg-dark 
border-secondary 
text-white" 
required\n           
                 
id="id_username" 
placeholder="Enter 
your username">\n    
                
</div>\n             
       <div 
class="mb-4">\n      
                  
<label 
for="id_password"\n  
                     
     
class="form-label 
text-muted small 
text-uppercase fw-bol
d">Password</label>\n
                     
   <input 
type="password" 
name="password"\n    
                     
   
class="form-control 
form-control-lg 
bg-dark 
border-secondary 
text-white" 
required\n           
                 
id="id_password" 
placeholder="Enter 
your password">\n    
                
</div>\n\n           
         <button 
type="submit" 
class="btn 
btn-primary w-100 
btn-lg mb-3">Sign 
In</button>\n        
        </form>\n\n  
              <div 
class="text-center 
mt-4">\n             
       <p 
class="text-muted 
small">Don\'t have 
an account? <a 
href="/register/"\n  
                     
     class="fw-bold">
Register 
now</a></p>\n        
        </div>\n     
       </div>\n      
  </div>\n    
</div>\n</div>\n\n   
 </div>\n\n    
<footer class="py-4 
mt-auto 
border-top"\n        
style="border-color: 
var(--border-color) 
!important; 
background-color: 
var(--bg-card);">\n  
      <div 
class="container 
text-center 
text-muted 
small">\n\n        
</div>\n    
</footer>\n\n    
<!-- Bootstrap JS 
-->\n    <script src=
"https://cdn.jsdelivr
.net/npm/bootstrap@5.
3.0/dist/js/bootstrap
.bundle.min.js"></scr
ipt>\n</body>\n\n</ht
ml>'

=====================
=====================
=====================
=======
FAIL: test_subject_en
rollment_flow (portal
.tests.PortalTests.te
st_subject_enrollment
_flow)
---------------------
---------------------
---------------------
-------
Traceback (most 
recent call last):
  File "C:\webdev\pro
ject\portal\tests.py"
, line 30, in test_su
bject_enrollment_flow
    self.assertContai
ns(response, 
'Request Pending')
AssertionError: 
False is not true : 
Couldn't find 
'Request Pending' in 
the following 
response
b'<!DOCTYPE 
html>\n<html lang="en
">\n\n<head>\n    
<meta 
charset="UTF-8">\n   
 <meta 
name="viewport" conte
nt="width=device-widt
h, initial-scale=1.0"
>\n    
<title>Student 
Services 
Portal</title>\n    
<!-- Bootstrap CSS 
-->\n    <link href="
https://cdn.jsdelivr.
net/npm/bootstrap@5.3
.0/dist/css/bootstrap
.min.css" 
rel="stylesheet">\n  
  <!-- Google Fonts: 
Inter -->\n    <link 
href="https://fonts.g
oogleapis.com/css2?fa
mily=Inter:wght@300;4
00;500;600;700&displa
y=swap" 
rel="stylesheet">\n  
  <style>\n        
:root {\n            
/* Black & Blue 
Theme Variables */\n 
           
--bg-body: 
#121212;\n           
 --bg-card: 
#1f1f1f;\n           
 --bg-card-hover: 
#2a2a2a;\n           
 --primary-blue: 
#007bff;\n           
 /* Electric Blue 
*/\n            
--primary-hover: 
#0056b3;\n           
 --accent-cyan: 
#00e5ff;\n           
 --text-main: 
#ffffff;\n           
 --text-muted: 
#ffffff;\n           
 --border-color: 
#2a2a2a;\n           
 --border-glow: 
rgba(0, 123, 255, 
0.3);\n\n            
--glass-bg: rgba(18, 
18, 18, 0.8);\n      
      
--glass-border: 
rgba(255, 255, 255, 
0.08);\n        
}\n\n        body 
{\n            
background-color: 
var(--bg-body);\n    
        color: 
var(--text-main);\n  
          
font-family: 
\'Inter\', 
sans-serif;\n        
    min-height: 
100vh;\n            
display: flex;\n     
       
flex-direction: 
column;\n        
}\n\n        /* 
Typography */\n      
  .text-muted {\n    
        color: 
var(--text-muted) 
!important;\n        
}\n\n        h1,\n   
     h2,\n        
h3,\n        h4,\n   
     h5,\n        h6 
{\n            
color: 
var(--text-main);\n  
          
font-weight: 700;\n  
          
letter-spacing: 
-0.5px;\n        
}\n\n        /* 
Navbar */\n        
.navbar {\n          
  background-color: 
rgba(10, 25, 47, 
0.95) !important;\n  
          
backdrop-filter: 
blur(10px);\n        
    border-bottom: 
1px solid var(--borde
r-color);\n          
  padding: 1rem 0;\n 
       }\n\n        
.navbar-brand {\n    
        font-weight: 
700;\n            
color: 
var(--text-main) 
!important;\n        
    font-size: 
1.5rem;\n            
letter-spacing: 
-0.5px;\n        
}\n\n        
.nav-link {\n        
    color: 
var(--text-muted) 
!important;\n        
    font-weight: 
500;\n            
transition: all 0.2s 
ease;\n        }\n\n 
       
.nav-link:hover,\n   
     
.nav-link.active {\n 
           color: 
var(--primary-blue) 
!important;\n        
    text-shadow: 0 0 
10px var(--border-glo
w);\n        }\n\n   
     /* Cards */\n   
     .card {\n       
     
background-color: 
var(--bg-card);\n    
        border: 1px 
solid var(--border-co
lor);\n            
border-radius: 
12px;\n            
box-shadow: 0 4px 
6px rgba(0, 0, 0, 
0.2);\n            
transition: 
transform 0.2s ease, 
box-shadow 0.2s 
ease;\n        }\n\n 
       .card:hover 
{\n            
transform: 
translateY(-2px);\n  
          
box-shadow: 0 8px 
12px rgba(0, 0, 0, 
0.4), 0 0 10px var(--
border-glow);\n      
      border-color: v
ar(--primary-blue);\n
        }\n\n        
.card-gradient {\n   
         background: 
linear-gradient(180de
g, rgba(0, 123, 255, 
0.1) 0%, rgba(18, 
18, 18, 0) 100%);\n  
      }\n\n        
.card-header {\n     
       
background-color: 
transparent;\n       
     border-bottom: 
1px solid var(--borde
r-color);\n          
  padding: 1rem 
1.5rem;\n            
font-weight: 600;\n  
      }\n\n        
.card-body {\n       
     padding: 
1.5rem;\n        
}\n\n        /* 
Buttons */\n        
.btn-primary {\n     
       background: li
near-gradient(135deg,
 
var(--primary-blue), 
#0056b3);\n          
  border: none;\n    
        
border-radius: 
8px;\n            
padding: 0.5rem 
1.5rem;\n            
font-weight: 500;\n  
          
box-shadow: 0 4px 
15px rgba(0, 123, 
255, 0.3);\n         
   transition: all 
0.3s ease;\n        
}\n\n        
.btn-primary:hover 
{\n            
transform: 
translateY(-1px);\n  
          
box-shadow: 0 6px 
20px rgba(0, 123, 
255, 0.4);\n         
   filter: 
brightness(1.1);\n   
     }\n\n        .bt
n-outline-secondary 
{\n            
border-color: var(--b
order-color);\n      
      color: 
var(--text-muted);\n 
       }\n\n        .
btn-outline-secondary
:hover {\n           
 background-color: va
r(--border-color);\n 
           color: 
var(--text-main);\n  
      }\n\n        
/* Forms */\n        
.form-control,\n     
   .form-select {\n  
          
background-color: 
#1a1a1a;\n           
 border: 1px solid va
r(--border-color);\n 
           color: 
var(--text-main);\n  
          
border-radius: 
8px;\n            
padding: 0.75rem 
1rem;\n        }\n\n 
       .form-control:
focus,\n        
.form-select:focus 
{\n            
background-color: 
#1a1a1a;\n           
 border-color: var(--
primary-blue);\n     
       color: 
var(--text-main);\n  
          
box-shadow: 0 0 0 
2px var(--border-glow
);\n        }\n\n    
    /* Tables */\n   
     .table {\n      
      color: 
var(--text-muted);\n 
           
border-color: var(--b
order-color);\n      
      --bs-table-bg: 
transparent;\n       
     
--bs-table-hover-bg: 
rgba(0, 123, 255, 
0.1);\n            --
bs-table-striped-bg: 
rgba(0, 123, 255, 
0.05);\n            
background: linear-gr
adient(180deg, 
rgba(0, 123, 255, 
0.1) 0%, rgba(18, 
18, 18, 0) 100%);\n  
      }\n\n        
.table th {\n        
    color: 
var(--text-main);\n  
          
font-weight: 600;\n  
          
border-bottom-width: 
1px;\n        }\n\n  
      .table img {\n 
           
border-radius: 
8px;\n        }\n\n  
      /* Alerts */\n 
       .alert {\n    
        border: 
none;\n            
border-radius: 
8px;\n            
background-color: 
var(--bg-card);\n    
        border-left: 
4px solid;\n        
}\n\n        
.alert-success {\n   
         
border-color: 
#198754;\n           
 color: #75b798;\n   
     }\n\n        
.alert-info {\n      
      border-color: 
#0dcaf0;\n           
 color: #6edff6;\n   
     }\n\n        
.alert-warning {\n   
         
border-color: 
#ffc107;\n           
 color: #ffda6a;\n   
     }\n\n        
.alert-danger {\n    
        
border-color: 
#dc3545;\n           
 color: #ea868f;\n   
     }\n\n        /* 
Badges */\n        
.badge {\n           
 font-weight: 500;\n 
           padding: 
0.5em 0.8em;\n       
     border-radius: 
6px;\n        }\n\n  
      /* Links */\n  
      a {\n          
  color: var(--primar
y-blue);\n           
 text-decoration: 
none;\n            
transition: color 
0.2s;\n        }\n\n 
       a:hover {\n   
         color: var(-
-accent-cyan);\n     
       
text-decoration: 
none;\n        }\n\n 
       /* Layout 
Utils */\n        
.container {\n       
     max-width: 
1140px;\n        }\n 
   </style>\n</head>\
n\n<body>\n    <nav 
class="navbar 
navbar-expand-lg 
navbar-dark 
sticky-top">\n       
 <div 
class="container">\n 
           <a 
class="navbar-brand" 
href="/">\n          
      <span>Student</
span>Portal\n        
    </a>\n           
 <button class="navba
r-toggler" 
type="button" data-bs
-toggle="collapse" da
ta-bs-target="#navbar
Nav">\n              
  <span class="navbar
-toggler-icon"></span
>\n            
</button>\n          
  <div 
class="collapse 
navbar-collapse" 
id="navbarNav">\n    
            <div 
class="navbar-nav 
ms-auto gap-3">\n    
                \n   
                 \n  
                  <a 
class="nav-link" href
="/subjects/">Browse 
Subjects</a>\n       
             <a 
class="nav-link" href
="/dashboard/">My 
Dashboard</a>\n      
              \n     
               <form 
action="/logout/" 
method="post" 
class="d-inline">\n  
                     
 <input 
type="hidden" name="c
srfmiddlewaretoken" v
alue="QAFj12soQTagH2W
JRYxPeCjxh0AgsTV84Yz4
N79znwpIVyEIGGGaItMrI
3ew4J5B">\n          
              
<button 
type="submit" 
class="nav-link 
bg-transparent border
-0">Logout</button>\n
                    
</form>\n            
        \n           
     </div>\n        
    </div>\n        
</div>\n    
</nav>\n\n    <div 
class="container 
mt-5 mb-5 
flex-grow-1">\n      
  \n<div 
class="d-flex justify
-content-between 
align-items-center 
mb-4">\n    <h2 
class="fw-bold 
mb-0">Browse Subjects
</h2>\n</div>\n\n\n\n
\n<div class="row 
row-cols-1 
row-cols-md-2 
row-cols-lg-3 
g-4">\n    \n    
<div class="col">\n  
      <div 
class="card h-100 
border-0 bg-card">\n 
           \n        
    <div 
class="bg-dark 
d-flex 
align-items-center ju
stify-content-center"
\n                
style="height: 
200px; border-top-lef
t-radius: 12px; borde
r-top-right-radius: 
12px;">\n            
    <span class="text
-muted">No 
Image</span>\n       
     </div>\n        
    \n\n            
<div 
class="card-body 
d-flex 
flex-column">\n      
          <div 
class="d-flex justify
-content-between 
align-items-start 
mb-2">\n             
       <h5 
class="card-title 
fw-bold mb-0 text-whi
te">Mathematics</h5>\
n                    
<span class="badge 
bg-primary 
bg-opacity-10 
text-primary border 
border-primary border
-opacity-25">\n      
                  3 
Cr\n                 
   </span>\n         
       </div>\n      
          <h6 
class="text-muted 
small 
mb-3">MATH101</h6>\n 
               <p 
class="card-text 
text-muted 
flex-grow-1 small">Al
gebra</p>\n\n        
        <div 
class="mt-4 pt-3 
border-top 
border-secondary bord
er-opacity-25">\n    
                \n   
                 \n  
                  \n 
                   
<button class="btn 
btn-warning w-100 
disabled" 
style="opacity: 
0.8;">\n             
           <span clas
s="me-2">\xe2\x8f\xb3
</span> Pending\n    
                
</button>\n          
          \n         
           \n        
            \n       
         </div>\n    
        </div>\n     
   </div>\n    
</div>\n    
\n</div>\n\n\n    
</div>\n\n    
<footer class="py-4 
mt-auto 
border-top"\n        
style="border-color: 
var(--border-color) 
!important; 
background-color: 
var(--bg-card);">\n  
      <div 
class="container 
text-center 
text-muted 
small">\n\n        
</div>\n    
</footer>\n\n    
<!-- Bootstrap JS 
-->\n    <script src=
"https://cdn.jsdelivr
.net/npm/bootstrap@5.
3.0/dist/js/bootstrap
.bundle.min.js"></scr
ipt>\n</body>\n\n</ht
ml>'

---------------------
---------------------
---------------------
-------
Ran 8 tests in 6.353s

FAILED (failures=2)
Destroying test 
database for alias 
'default'...

Found 8 test(s).
System check identified no issues (0 silenced).

--- Starting Test ---
Student login: True
Post response: 302, Location: /dashboard/
Request count: 1
Request status: pending
Admin login: True
Admin dashboard status: 200
Approving at: /request/2/status/approved/
Approve response: 302, Location: /admin-dashboard/
New Status: approved
